[
  "[foo, 0, 0] => foo -1 0",
  "[foo, 0, 50] => foo -1 48",
  "[foo, 0, 48] => foo -1 46",
  "[foo, 1, 0] => foo 0 0",
  "[foo, 1, 50] => foo 0 49",
  "[foo, 1, 48] => foo 0 47",
  "[foo, -1, 0] => foo -2 0",
  "[foo, -1, 50] => foo -2 48",
  "[foo, -1, 48] => foo -2 46",
  "[Aged Brie, 0, 0] => Aged Brie -1 2",
  "[Aged Brie, 0, 50] => Aged Brie -1 50",
  "[Aged Brie, 0, 48] => Aged Brie -1 50",
  "[Aged Brie, 1, 0] => Aged Brie 0 1",
  "[Aged Brie, 1, 50] => Aged Brie 0 50",
  "[Aged Brie, 1, 48] => Aged Brie 0 49",
  "[Aged Brie, -1, 0] => Aged Brie -2 2",
  "[Aged Brie, -1, 50] => Aged Brie -2 50",
  "[Aged Brie, -1, 48] => Aged Brie -2 50",
  "[Backstage passes to a TAFKAL80ETC concert, 0, 0] => Backstage passes to a TAFKAL80ETC concert -1 0",
  "[Backstage passes to a TAFKAL80ETC concert, 0, 50] => Backstage passes to a TAFKAL80ETC concert -1 0",
  "[Backstage passes to a TAFKAL80ETC concert, 0, 48] => Backstage passes to a TAFKAL80ETC concert -1 0",
  "[Backstage passes to a TAFKAL80ETC concert, 1, 0] => Backstage passes to a TAFKAL80ETC concert 0 3",
  "[Backstage passes to a TAFKAL80ETC concert, 1, 50] => Backstage passes to a TAFKAL80ETC concert 0 50",
  "[Backstage passes to a TAFKAL80ETC concert, 1, 48] => Backstage passes to a TAFKAL80ETC concert 0 50",
  "[Backstage passes to a TAFKAL80ETC concert, -1, 0] => Backstage passes to a TAFKAL80ETC concert -2 0",
  "[Backstage passes to a TAFKAL80ETC concert, -1, 50] => Backstage passes to a TAFKAL80ETC concert -2 0",
  "[Backstage passes to a TAFKAL80ETC concert, -1, 48] => Backstage passes to a TAFKAL80ETC concert -2 0",
  "[Sulfuras, Hand of Ragnaros, 0, 0] => Sulfuras, Hand of Ragnaros 0 0",
  "[Sulfuras, Hand of Ragnaros, 0, 50] => Sulfuras, Hand of Ragnaros 0 50",
  "[Sulfuras, Hand of Ragnaros, 0, 48] => Sulfuras, Hand of Ragnaros 0 48",
  "[Sulfuras, Hand of Ragnaros, 1, 0] => Sulfuras, Hand of Ragnaros 1 0",
  "[Sulfuras, Hand of Ragnaros, 1, 50] => Sulfuras, Hand of Ragnaros 1 50",
  "[Sulfuras, Hand of Ragnaros, 1, 48] => Sulfuras, Hand of Ragnaros 1 48",
  "[Sulfuras, Hand of Ragnaros, -1, 0] => Sulfuras, Hand of Ragnaros -1 0",
  "[Sulfuras, Hand of Ragnaros, -1, 50] => Sulfuras, Hand of Ragnaros -1 50",
  "[Sulfuras, Hand of Ragnaros, -1, 48] => Sulfuras, Hand of Ragnaros -1 48"
]
